[www.conradlegaloffice.com/index.html]
[backblue.gif]
[fade.gif]
[index.html]
[www.conradlegaloffice.com/assets/Social-Share[1].jpg]
[www.conradlegaloffice.com/common/usc/p/video.js]
[www.conradlegaloffice.com/cms/svg/site/tegrqhvp91k.36.2510311249583.svg]
[www.conradlegaloffice.com/images/brand/logo-dark.2301111150347.png]
[www.conradlegaloffice.com/images/brand/logo-light.2301111150347.png]
[www.conradlegaloffice.com/media/Conrad.mp4]
[www.conradlegaloffice.com/contact/index.html]
[www.conradlegaloffice.com/results/index.html]
[www.conradlegaloffice.com/testimonials/index.html]
[www.conradlegaloffice.com/includes/high-res.css]
[www.conradlegaloffice.com/about-us/index.html]
[www.conradlegaloffice.com/about-us/conrad-j-kuyawa/index.html]
[www.conradlegaloffice.com/site-search/index.html]
[www.conradlegaloffice.com/cms/includes/11fnp7_nppi.2502121621461.css]
[www.conradlegaloffice.com/landlord/index.html]
[www.conradlegaloffice.com/landlord/evictions/index.html]
[www.conradlegaloffice.com/landlord/landlord-representation/index.html]
[www.conradlegaloffice.com/landlord/tenant-representation/index.html]
[www.conradlegaloffice.com/cms/includes/_d5rdy_ydze.2509161620371.js]
[www.conradlegaloffice.com/personal-injury/car-accidents/index.html]
[www.conradlegaloffice.com/personal-injury/bus-accidents/index.html]
[www.conradlegaloffice.com/personal-injury/index.html]
[www.conradlegaloffice.com/landlord/lease-rental-agreements/index.html]
[www.conradlegaloffice.com/personal-injury/motorcycle-accidents/index.html]
[www.conradlegaloffice.com/personal-injury/hospital-negligence/index.html]
[www.conradlegaloffice.com/personal-injury/nursing-home-abuse-neglect/index.html]
[analytics.scorpion.co/sa.js]
[www.conradlegaloffice.com/personal-injury/premises-liability/index.html]
[www.conradlegaloffice.com/personal-injury/slip-and-fall/index.html]
[www.conradlegaloffice.com/personal-injury/truck-accidents/index.html]
[www.conradlegaloffice.com/personal-injury/wrongful-death/index.html]
[scorpionconnect.scorpion.co/s/bootstrap.bd5a6f62-c9e1-be0b-01c1-9515b809ef17.js]
[www.conradlegaloffice.com/criminal-defense/index.html]
[www.conradlegaloffice.com/criminal-defense/drug-crimes/index.html]
[www.conradlegaloffice.com/criminal-defense/domestic-violence/index.html]
[www.conradlegaloffice.com/criminal-defense/dui/index.html]
[www.conradlegaloffice.com/criminal-defense/drug-crimes/drug-possession/index.html]
[www.conradlegaloffice.com/index.html]
[www.conradlegaloffice.com/criminal-defense/felony-crimes/index.html]
[www.conradlegaloffice.com/criminal-defense/theft-crimes/index.html]
[www.conradlegaloffice.com/criminal-defense/violent-crimes/index.html]
[www.conradlegaloffice.com/blog/index.html]
[www.conradlegaloffice.com/blog/2023/index.html]
[www.conradlegaloffice.com/common/index.html]
[www.conradlegaloffice.com/blog/2023/july/index.html]
[www.conradlegaloffice.com/blog/2020/august/index.html]
[www.conradlegaloffice.com/site-map/index.html]
[www.conradlegaloffice.com/blog/2020/index.html]
[www.conradlegaloffice.com/cms/index.html]
[www.conradlegaloffice.com/blog/categories/index.html]
[www.conradlegaloffice.com/video-center/firm-videos/index.html]
[www.conradlegaloffice.com/common/usc/js/index.html]
[www.conradlegaloffice.com/privacy-policy/index.html]
[www.conradlegaloffice.com/testimonials/thank-you/index.html]
[www.conradlegaloffice.com/usc/index.html]
[www.conradlegaloffice.com/contact/thank-you/index.html]
[www.conradlegaloffice.com/reviews-reputation/leave-a-review/index.html]
[www.conradlegaloffice.com/nps-survey/thank-you/index.html]
[www.conradlegaloffice.com/emails/unsubscribe/index.html]
[www.conradlegaloffice.com/images/results/o.2301191607550.jpg]
[www.conradlegaloffice.com/reviews-reputation/leave-a-review/thank-you/index.html]
[www.conradlegaloffice.com/video-center/firm-videos/meet-attorney-conrad-kuyawa/index.html]
[www.conradlegaloffice.com/error/404/index.html]
[www.conradlegaloffice.com/blog/categories/eviction/index.html]
[www.conradlegaloffice.com/images/results/o.2301191609550.png]
[www.conradlegaloffice.com/blog/2020/august/hello-world-/index.html]
[www.conradlegaloffice.com/blog/categories/uncategorized/index.html]
[www.conradlegaloffice.com/emails/resubscribe/index.html]
[www.conradlegaloffice.com/blog/2023/july/implied-warranty-of-habitability/index.html]
[www.conradlegaloffice.com/images/results/o.3).2301191608550.jpg]
[www.conradlegaloffice.com/error/500/index.html]
[www.conradlegaloffice.com/blog/2023/july/eviction-defense-strategies-in-california-how-te/index.html]
[www.conradlegaloffice.com/san-pablo/index.html]
[www.conradlegaloffice.com/blog/2023/july/top-5-legal-issues-landlords-face-in-california-/index.html]
[www.conradlegaloffice.com/images/results/o.2).2301191608550.jpg]
[www.conradlegaloffice.com/bay-point-cdp-/index.html]
[www.conradlegaloffice.com/attorneys/index.html]
[www.conradlegaloffice.com/richmond-ca/index.html]
[www.conradlegaloffice.com/antioch/index.html]
[www.conradlegaloffice.com/images/results/o.1).2301191608550.jpg]
[www.conradlegaloffice.com/video-center/index.html]
[www.conradlegaloffice.com/photo-gallery/index.html]
[www.conradlegaloffice.com/articles/index.html]
[www.conradlegaloffice.com/faq/index.html]
[www.conradlegaloffice.com/cms/includes/l9737_xnsgh.2502121621461.css]
[www.conradlegaloffice.com/cms/includes/cdc64w4yfjd.2509161620371.js]
[www.conradlegaloffice.com/results/index.html]
[www.conradlegaloffice.com/locations/index.html]
[www.conradlegaloffice.com/awards-accolades/index.html]
[www.conradlegaloffice.com/reviews-reputation/index.html]
[www.conradlegaloffice.com/nps-survey/index.html]
[www.conradlegaloffice.com/error/index.html]
[www.conradlegaloffice.com/style-guide/index.html]
[www.conradlegaloffice.com/emails/index.html]
[www.conradlegaloffice.com/cms/includes/p7m21xblcis.2502121621461.css]
[www.conradlegaloffice.com/cms/includes/1es813_5cpp.2509161620371.js]
[www.conradlegaloffice.com/testimonials/index.html]
[www.conradlegaloffice.com/cms/includes/htb4zr_1irq.2502121621461.css]
[www.conradlegaloffice.com/cms/includes/zmzu8x2mjh9.2509161620371.js]
[www.conradlegaloffice.com/contact/index.html]
[www.conradlegaloffice.com/site-search/index.html]
[www.conradlegaloffice.com/cms/thumbnails/00/640x850/images/video-thumbnails/video-img-bg[1].2301230854550.jpg]
[www.conradlegaloffice.com/cms/svg/site/tegrqhvp91k.24.2510311249583.svg]
[www.conradlegaloffice.com/cms/includes/5yljl_158hn.2502121621461.css]
[www.conradlegaloffice.com/cms/includes/5jn8czr2l8b.2509161620371.js]
[www.conradlegaloffice.com/about-us/index.html]
[www.conradlegaloffice.com/images/staff/staff-attorney.jpg]
[www.conradlegaloffice.com/cms/includes/wnqyh7zi14r.2502121621461.css]
[www.conradlegaloffice.com/cms/includes/2omz1rrdtg0.2509161620371.js]
[www.conradlegaloffice.com/about-us/conrad-j-kuyawa/index.html]
[www.conradlegaloffice.com/images/eviction.2301111438550.jpg]
[www.conradlegaloffice.com/images/landlord-rep.2301111438550.jpg]
[www.conradlegaloffice.com/cms/includes/areg62cubq_.2502121621461.css]
[www.conradlegaloffice.com/cms/includes/ycx_8whvkkz.2509161620371.js]
[www.conradlegaloffice.com/landlord/index.html]
[www.conradlegaloffice.com/cms/includes/pmcdbaabgsd.2502121621461.css]
[www.conradlegaloffice.com/cms/includes/402wgo5cyxd.2509161620371.js]
[www.conradlegaloffice.com/landlord/evictions/index.html]
[www.conradlegaloffice.com/landlord/landlord-representation/index.html]
[www.conradlegaloffice.com/assets/content/leaky-pipe.2502051420598.jpg]
[www.conradlegaloffice.com/assets/content/mold.2502051421250.jpg]
[www.conradlegaloffice.com/assets/content/dust.2502051421575.jpg]
[www.conradlegaloffice.com/landlord/tenant-representation/index.html]
[www.conradlegaloffice.com/landlord/lease-rental-agreements/index.html]
[www.conradlegaloffice.com/images/bus.2301111436550.jpg]
[www.conradlegaloffice.com/images/accidents.2301111340550.jpg]
[www.conradlegaloffice.com/images/hospital.2301111436550.jpg]
[www.conradlegaloffice.com/images/motorcycle.2301111437550.jpg]
[www.conradlegaloffice.com/images/nursing-home.2301111437550.jpg]
[www.conradlegaloffice.com/images/premesis.2301111437550.jpg]
[www.conradlegaloffice.com/images/slip.2301111437550.jpg]
[www.conradlegaloffice.com/images/truck.2301111438550.jpg]
[www.conradlegaloffice.com/images/wrongful.2301111438550.jpg]
[www.conradlegaloffice.com/personal-injury/index.html]
[www.conradlegaloffice.com/personal-injury/bus-accidents/index.html]
[www.conradlegaloffice.com/personal-injury/car-accidents/index.html]
[www.conradlegaloffice.com/personal-injury/hospital-negligence/index.html]
[www.conradlegaloffice.com/personal-injury/motorcycle-accidents/index.html]
[www.conradlegaloffice.com/personal-injury/nursing-home-abuse-neglect/index.html]
[www.conradlegaloffice.com/personal-injury/premises-liability/index.html]
[www.conradlegaloffice.com/personal-injury/slip-and-fall/index.html]
[www.conradlegaloffice.com/personal-injury/truck-accidents/index.html]
[www.conradlegaloffice.com/personal-injury/wrongful-death/index.html]
[www.conradlegaloffice.com/cms/includes/06z15_r6ax8.2502121621461.css]
[www.conradlegaloffice.com/criminal-defense/index.html]
[www.conradlegaloffice.com/assets/values/values-v1-bg-mobile.2301111423550.jpg]
[www.conradlegaloffice.com/assets/values/values-v1-bg-tablet.2301111423550.jpg]
[www.conradlegaloffice.com/assets/values/values-v1-bg.2301111423550.jpg]
[www.conradlegaloffice.com/cms/includes/1ekwuksc_84.2502121621461.css]
[www.conradlegaloffice.com/criminal-defense/domestic-violence/index.html]
[www.conradlegaloffice.com/criminal-defense/drug-crimes/index.html]
[www.conradlegaloffice.com/criminal-defense/drug-crimes/drug-possession/index.html]
[www.conradlegaloffice.com/criminal-defense/dui/index.html]
[www.conradlegaloffice.com/criminal-defense/felony-crimes/index.html]
[www.conradlegaloffice.com/criminal-defense/theft-crimes/index.html]
[www.conradlegaloffice.com/criminal-defense/violent-crimes/index.html]
[www.conradlegaloffice.com/cms/thumbnails/34/1100x450/images/blog/isaac-quesada-s34TlUTPIf4-unsplash.2307200856550.jpg]
[www.conradlegaloffice.com/common/scorpion/logo/stack-gray.png]
[www.conradlegaloffice.com/cms/includes/o7_8n6j_ixx.2502121621461.css]
[www.conradlegaloffice.com/cms/includes/4waki98eb2t.2509161620371.js]
[www.conradlegaloffice.com/blog/index.html]
[www.conradlegaloffice.com/blog/2023/index.html]
[www.conradlegaloffice.com/blog/2023/july/index.html]
[www.conradlegaloffice.com/blog/2020/index.html]
[www.conradlegaloffice.com/blog/2020/august/index.html]
[www.conradlegaloffice.com/cms/includes/9wf7kq454ht.2502121621461.css]
[www.conradlegaloffice.com/cms/includes/49vp1o2tojk.2509161620371.js]
[www.conradlegaloffice.com/site-map/index.html]
[www.conradlegaloffice.com/privacy-policy/index.html]
[www.conradlegaloffice.com/testimonials/thank-you/index.html]
[www.conradlegaloffice.com/blog/categories/index.html]
[www.conradlegaloffice.com/cms/thumbnails/34/825x470/images/video-thumbnails/video-img-bg[1].2301230854550.jpg]
[www.conradlegaloffice.com/cms/includes/xf147c7ak8r.2502121621461.css]
[www.conradlegaloffice.com/cms/includes/rjqujhtn4s5.2509161620371.js]
[www.conradlegaloffice.com/video-center/firm-videos/index.html]
[www.conradlegaloffice.com/contact/thank-you/index.html]
[www.conradlegaloffice.com/reviews-reputation/leave-a-review/index.html]
[www.conradlegaloffice.com/nps-survey/thank-you/index.html]
[www.conradlegaloffice.com/emails/unsubscribe/index.html]
[www.conradlegaloffice.com/blog/categories/eviction/index.html]
[www.conradlegaloffice.com/reviews-reputation/leave-a-review/thank-you/index.html]
[www.conradlegaloffice.com/error/404/index.html]
[www.conradlegaloffice.com/images/video-thumbnails/video-img-bg[1].jpg]
[www.conradlegaloffice.com/cms/includes/nsxs0mx0qo0.2502121621461.css]
[www.conradlegaloffice.com/cms/includes/2gpqf8ljybw.2509161620371.js]
[www.conradlegaloffice.com/video-center/firm-videos/meet-attorney-conrad-kuyawa/index.html]
[www.conradlegaloffice.com/cms/includes/xfk8depn7h9.2502121621461.css]
[www.conradlegaloffice.com/cms/includes/lkk1spvr70u.2509161620371.js]
[www.conradlegaloffice.com/blog/2020/august/hello-world-/index.html]
[www.conradlegaloffice.com/images/blog/isaac-quesada-s34TlUTPIf4-unsplash.jpg]
[www.conradlegaloffice.com/cms/includes/7p0sksr5jn0.2509161620371.js]
[www.conradlegaloffice.com/blog/2023/july/implied-warranty-of-habitability/index.html]
[www.conradlegaloffice.com/emails/resubscribe/index.html]
[www.conradlegaloffice.com/blog/categories/uncategorized/index.html]
[www.conradlegaloffice.com/error/500/index.html]
[www.conradlegaloffice.com/cms/includes/goii2f0bxc0.2509161620371.js]
[www.conradlegaloffice.com/blog/2023/july/eviction-defense-strategies-in-california-how-te/index.html]
[www.conradlegaloffice.com/cms/includes/9e5vkjvf76b.2509161620371.js]
[www.conradlegaloffice.com/blog/2023/july/top-5-legal-issues-landlords-face-in-california-/index.html]
[www.conradlegaloffice.com/san-pablo/index.html]
[www.conradlegaloffice.com/richmond-ca/index.html]
[www.conradlegaloffice.com/antioch/index.html]
[www.conradlegaloffice.com/bay-point-cdp-/index.html]
[www.conradlegaloffice.com/attorneys/index.html]
[www.conradlegaloffice.com/faq/index.html]
[www.conradlegaloffice.com/cms/includes/_bgqm74k834.2502121621461.css]
[www.conradlegaloffice.com/video-center/index.html]
[www.conradlegaloffice.com/cms/includes/_cwsituibzv.2509161620371.js]
[www.conradlegaloffice.com/articles/index.html]
[www.conradlegaloffice.com/photo-gallery/index.html]
[www.conradlegaloffice.com/locations/index.html]
[www.conradlegaloffice.com/awards-accolades/index.html]
[www.conradlegaloffice.com/reviews-reputation/index.html]
[www.conradlegaloffice.com/nps-survey/index.html]
[www.conradlegaloffice.com/emails/index.html]
[www.conradlegaloffice.com/error/index.html]
[www.conradlegaloffice.com/style-guide/index.html]
[www.facebook.com/tr0e26]
[www.conradlegaloffice.com/results/usc/index.html]
[www.conradlegaloffice.com/results/cms/index.html]
[www.conradlegaloffice.com/testimonials/usc/index.html]
[www.conradlegaloffice.com/testimonials/cms/index.html]
[www.conradlegaloffice.com/contact/usc/index.html]
[www.conradlegaloffice.com/contact/cms/index.html]
[www.conradlegaloffice.com/about-us/usc/index.html]
[www.conradlegaloffice.com/about-us/cms/index.html]
[www.conradlegaloffice.com/about-us/conrad-j-kuyawa/usc/index.html]
[www.conradlegaloffice.com/about-us/conrad-j-kuyawa/cms/index.html]
[www.conradlegaloffice.com/landlord/usc/index.html]
[www.conradlegaloffice.com/landlord/cms/index.html]
[www.conradlegaloffice.com/landlord/evictions/usc/index.html]
[www.conradlegaloffice.com/landlord/evictions/cms/index.html]
[www.conradlegaloffice.com/landlord/landlord-representation/usc/index.html]
[www.conradlegaloffice.com/landlord/landlord-representation/cms/index.html]
[www.conradlegaloffice.com/landlord/tenant-representation/usc/index.html]
[www.conradlegaloffice.com/landlord/tenant-representation/cms/index.html]
[www.conradlegaloffice.com/landlord/lease-rental-agreements/usc/index.html]
[www.conradlegaloffice.com/landlord/lease-rental-agreements/cms/index.html]
[www.conradlegaloffice.com/personal-injury/usc/index.html]
[www.conradlegaloffice.com/personal-injury/cms/index.html]
[www.conradlegaloffice.com/personal-injury/bus-accidents/usc/index.html]
[www.conradlegaloffice.com/personal-injury/bus-accidents/cms/index.html]
[www.conradlegaloffice.com/personal-injury/car-accidents/usc/index.html]
[www.conradlegaloffice.com/personal-injury/car-accidents/cms/index.html]
[www.conradlegaloffice.com/personal-injury/hospital-negligence/usc/index.html]
[www.conradlegaloffice.com/personal-injury/hospital-negligence/cms/index.html]
[www.conradlegaloffice.com/personal-injury/motorcycle-accidents/usc/index.html]
[www.conradlegaloffice.com/personal-injury/motorcycle-accidents/cms/index.html]
[www.conradlegaloffice.com/personal-injury/nursing-home-abuse-neglect/usc/index.html]
[www.conradlegaloffice.com/personal-injury/nursing-home-abuse-neglect/cms/index.html]
[www.conradlegaloffice.com/personal-injury/premises-liability/usc/index.html]
[www.conradlegaloffice.com/personal-injury/premises-liability/cms/index.html]
[www.conradlegaloffice.com/personal-injury/slip-and-fall/usc/index.html]
[www.conradlegaloffice.com/personal-injury/slip-and-fall/cms/index.html]
[www.conradlegaloffice.com/personal-injury/truck-accidents/usc/index.html]
[www.conradlegaloffice.com/personal-injury/truck-accidents/cms/index.html]
[www.conradlegaloffice.com/personal-injury/wrongful-death/usc/index.html]
[www.conradlegaloffice.com/personal-injury/wrongful-death/cms/index.html]
[www.conradlegaloffice.com/criminal-defense/usc/index.html]
[www.conradlegaloffice.com/criminal-defense/cms/index.html]
[www.conradlegaloffice.com/criminal-defense/domestic-violence/usc/index.html]
[www.conradlegaloffice.com/criminal-defense/domestic-violence/cms/index.html]
[www.conradlegaloffice.com/criminal-defense/drug-crimes/usc/index.html]
[www.conradlegaloffice.com/criminal-defense/drug-crimes/cms/index.html]
[www.conradlegaloffice.com/criminal-defense/drug-crimes/drug-possession/usc/index.html]
[www.conradlegaloffice.com/criminal-defense/drug-crimes/drug-possession/cms/index.html]
[www.conradlegaloffice.com/criminal-defense/dui/usc/index.html]
[www.conradlegaloffice.com/criminal-defense/dui/cms/index.html]
[www.conradlegaloffice.com/criminal-defense/felony-crimes/usc/index.html]
[www.conradlegaloffice.com/criminal-defense/felony-crimes/cms/index.html]
[www.conradlegaloffice.com/criminal-defense/theft-crimes/usc/index.html]
[www.conradlegaloffice.com/criminal-defense/theft-crimes/cms/index.html]
[www.conradlegaloffice.com/criminal-defense/violent-crimes/usc/index.html]
[www.conradlegaloffice.com/criminal-defense/violent-crimes/cms/index.html]
[www.conradlegaloffice.com/blog/usc/index.html]
[www.conradlegaloffice.com/blog/cms/index.html]
[www.conradlegaloffice.com/blog/2023/usc/index.html]
[www.conradlegaloffice.com/blog/2023/cms/index.html]
[www.conradlegaloffice.com/blog/2023/july/usc/index.html]
[www.conradlegaloffice.com/blog/2023/july/cms/index.html]
[www.conradlegaloffice.com/blog/2020/usc/index.html]
[www.conradlegaloffice.com/blog/2020/cms/index.html]
[www.conradlegaloffice.com/blog/2020/august/usc/index.html]
[www.conradlegaloffice.com/blog/2020/august/cms/index.html]
[www.conradlegaloffice.com/site-map/usc/index.html]
[www.conradlegaloffice.com/site-map/cms/index.html]
[www.conradlegaloffice.com/video-center/firm-videos/usc/index.html]
[www.conradlegaloffice.com/video-center/firm-videos/cms/index.html]
[www.conradlegaloffice.com/blog/categories/eviction/usc/index.html]
[www.conradlegaloffice.com/blog/categories/eviction/cms/index.html]
[www.conradlegaloffice.com/video-center/firm-videos/meet-attorney-conrad-kuyawa/usc/index.html]
[www.conradlegaloffice.com/video-center/firm-videos/meet-attorney-conrad-kuyawa/cms/index.html]
[www.conradlegaloffice.com/blog/2020/august/hello-world-/usc/index.html]
[www.conradlegaloffice.com/blog/2020/august/hello-world-/cms/index.html]
[www.conradlegaloffice.com/blog/2023/july/implied-warranty-of-habitability/usc/index.html]
[www.conradlegaloffice.com/blog/2023/july/implied-warranty-of-habitability/cms/index.html]
[www.conradlegaloffice.com/blog/categories/uncategorized/usc/index.html]
[www.conradlegaloffice.com/blog/categories/uncategorized/cms/index.html]
[www.conradlegaloffice.com/blog/2023/july/eviction-defense-strategies-in-california-how-te/usc/index.html]
[www.conradlegaloffice.com/blog/2023/july/eviction-defense-strategies-in-california-how-te/cms/index.html]
[www.conradlegaloffice.com/blog/2023/july/top-5-legal-issues-landlords-face-in-california-/usc/index.html]
[www.conradlegaloffice.com/blog/2023/july/top-5-legal-issues-landlords-face-in-california-/cms/index.html]
[www.conradlegaloffice.com/san-pablo/usc/index.html]
[www.conradlegaloffice.com/san-pablo/cms/index.html]
[www.conradlegaloffice.com/richmond-ca/usc/index.html]
[www.conradlegaloffice.com/richmond-ca/cms/index.html]
[www.conradlegaloffice.com/antioch/usc/index.html]
[www.conradlegaloffice.com/antioch/cms/index.html]
[www.conradlegaloffice.com/bay-point-cdp-/usc/index.html]
[www.conradlegaloffice.com/bay-point-cdp-/cms/index.html]
[www.conradlegaloffice.com/video-center/usc/index.html]
[www.conradlegaloffice.com/video-center/cms/index.html]
[scorpionconnect.scorpion.co/s/bootstrap.bd5a6f62-c9e1-be0b-01c1-9515b809ef17.js]
[analytics.scorpion.co/sa.js]
[www.conradlegaloffice.com/cms/thumbnails/00/640x850/images/video-thumbnails/video-img-bg[1].2301230854550.jpg]
[www.conradlegaloffice.com/cms/svg/site/tegrqhvp91k.36.2510311249583.svg]
[www.conradlegaloffice.com/media/Conrad.mp4]
[www.conradlegaloffice.com/images/staff/staff-attorney.jpg]
[www.conradlegaloffice.com/site-map/index.html]
[www.conradlegaloffice.com/assets/content/leaky-pipe.2502051420598.jpg]
[www.conradlegaloffice.com/includes/high-res.css]
[www.conradlegaloffice.com/assets/content/mold.2502051421250.jpg]
[www.conradlegaloffice.com/cms/thumbnails/34/1100x450/images/blog/isaac-quesada-s34TlUTPIf4-unsplash.2307200856550.jpg]
[www.conradlegaloffice.com/cms/thumbnails/34/825x470/images/video-thumbnails/video-img-bg[1].2301230854550.jpg]
[www.conradlegaloffice.com/images/blog/isaac-quesada-s34TlUTPIf4-unsplash.jpg]
[www.conradlegaloffice.com/assets/texture.png]
[www.conradlegaloffice.com/cms/includes/11fnp7_nppi.2502121621461.css]
[www.conradlegaloffice.com/cms/includes/l9737_xnsgh.2502121621461.css]
[www.conradlegaloffice.com/cms/includes/p7m21xblcis.2502121621461.css]
[www.conradlegaloffice.com/cms/includes/htb4zr_1irq.2502121621461.css]
[www.conradlegaloffice.com/cms/svg/site/tegrqhvp91k.24.2510311249583.svg]
[www.conradlegaloffice.com/cms/includes/5yljl_158hn.2502121621461.css]
[www.conradlegaloffice.com/assets/texture.png]
[www.conradlegaloffice.com/cms/includes/_cwsituibzv.2509161620371.js]
[www.conradlegaloffice.com/about-us/conrad-j-kuyawa/usc/index.html]
[www.conradlegaloffice.com/cms/includes/wnqyh7zi14r.2502121621461.css]
[www.conradlegaloffice.com/cms/includes/areg62cubq_.2502121621461.css]
[www.conradlegaloffice.com/cms/includes/pmcdbaabgsd.2502121621461.css]
[www.conradlegaloffice.com/cms/includes/06z15_r6ax8.2502121621461.css]
[www.conradlegaloffice.com/cms/includes/1ekwuksc_84.2502121621461.css]
[www.conradlegaloffice.com/cms/includes/o7_8n6j_ixx.2502121621461.css]
[www.conradlegaloffice.com/cms/includes/9wf7kq454ht.2502121621461.css]
[www.conradlegaloffice.com/cms/includes/xf147c7ak8r.2502121621461.css]
[www.conradlegaloffice.com/cms/includes/nsxs0mx0qo0.2502121621461.css]
[www.conradlegaloffice.com/cms/includes/xfk8depn7h9.2502121621461.css]
[www.conradlegaloffice.com/blog/2023/july/implied-warranty-of-habitability/usc/index.html]
[www.conradlegaloffice.com/cms/includes/_bgqm74k834.2502121621461.css]
[s7.addthis.com/js/300/addthis_widget.js]
